<html>
<body>
<pre>
<h1>礦ision Build Log</h1>
<h2>Tool Versions:</h2>
IDE-Version: μVision V5.14.0.0
Copyright (C) 2015 ARM Ltd and ARM Germany GmbH. All rights reserved.
License Information: 1 xiaoyu, 1, LIC=MPPLD-8UYJ6-DY5V3-ALDS9-80HQH-G3N8D
 
Tool Versions:
Toolchain:       MDK-ARM Standard  Version: 5.14.0.0
Toolchain Path:  F:\stm32\ARM\ARMCC\Bin
C Compiler:      Armcc.exe V5.05 update 1 (build 106)
Assembler:       Armasm.exe V5.05 update 1 (build 106)
Linker/Locator:  ArmLink.exe V5.05 update 1 (build 106)
Library Manager: ArmAr.exe V5.05 update 1 (build 106)
Hex Converter:   FromElf.exe V5.05 update 1 (build 106)
CPU DLL:         SARMCM3.DLL V5.14.0.0
Dialog DLL:      DCM.DLL V1.13.1.0
Target DLL:      STLink\ST-LINKIII-KEIL_SWO.dll V2.0.14.0_KEIL
Dialog DLL:      TCM.DLL V1.14.4.0
 
<h2>Project:</h2>
C:\Users\xiaoyu\Desktop\stm32\单人\2.1 - 副本\2.1project.uvprojx
Project File Date:  05/30/2026

<h2>Output:</h2>
Build target 'Target 1'
compiling main.c...
.\hardware\usart.h(44): warning:  #1-D: last line of file ends without a newline
  #endif
.\BSP_driver\LED.h(21): warning:  #1-D: last line of file ends without a newline
  #endif
user\main.c(22): warning:  #951-D: return type of function "main" must be "int"
  void main(void)
user\main.c(44): warning:  #550-D: variable "data" was set but never used
                uint8_t data;
user\main.c: 4 warnings, 0 errors
linking...
Program Size: Code=2692 RO-data=268 RW-data=48 ZI-data=1480  
".\Objects\2.1project" - 0 Error(s), 4 Warning(s).

<h2>Collection of Component include folders:</h2>
  C:\Users\xiaoyu\Desktop\stm32\单人\2.1 - 副本\RTE
  F:\stm32\Keil\STM32F1xx_DFP\2.2.0

<h2>Collection of Component Files used:</h2>
</pre>
</body>
</html>
